// Jest Snapshot v1, https://goo.gl/fbAQLP

exports[`Page render homepage unchange 1`] = `
<div>
  <section
    class="flex flex-col  justify-center items-center w-full h-screen"
  >
    <div
      class="my-4 flex flex-col justify-center items-center"
    >
      <div
        class="flex flex-col justify-center items-center border border-slate-400 rounded-2xl my-2 px-2 py-4 "
      >
        <h1
          class="text-2xl font-semibold "
        >
          Elige tu Plataforma
        </h1>
        <ul
          class="flex flex-col justify-center items-center p-3"
        >
          <button
            class="flex flex-row justify-start items-center hover:bg-white hover:text-slate-800 p-2 my-1 rounded-2xl border border-slate-600 md:w-300 w-200"
          >
            <svg
              aria-hidden="true"
              class="svg-inline--fa fa-steam "
              color="gray"
              data-icon="steam"
              data-prefix="fab"
              focusable="false"
              role="img"
              viewBox="0 0 496 512"
              xmlns="http://www.w3.org/2000/svg"
            >
              <path
                d="M496 256c0 137-111.2 248-248.4 248-113.8 0-209.6-76.3-239-180.4l95.2 39.3c6.4 32.1 34.9 56.4 68.9 56.4 39.2 0 71.9-32.4 70.2-73.5l84.5-60.2c52.1 1.3 95.8-40.9 95.8-93.5 0-51.6-42-93.5-93.7-93.5s-93.7 42-93.7 93.5v1.2L176.6 279c-15.5-.9-30.7 3.4-43.5 12.1L0 236.1C10.2 108.4 117.1 8 247.6 8 384.8 8 496 119 496 256zM155.7 384.3l-30.5-12.6a52.79 52.79 0 0 0 27.2 25.8c26.9 11.2 57.8-1.6 69-28.4 5.4-13 5.5-27.3.1-40.3-5.4-13-15.5-23.2-28.5-28.6-12.9-5.4-26.7-5.2-38.9-.6l31.5 13c19.8 8.2 29.2 30.9 20.9 50.7-8.3 19.9-31 29.2-50.8 21zm173.8-129.9c-34.4 0-62.4-28-62.4-62.3s28-62.3 62.4-62.3 62.4 28 62.4 62.3-27.9 62.3-62.4 62.3zm.1-15.6c25.9 0 46.9-21 46.9-46.8 0-25.9-21-46.8-46.9-46.8s-46.9 21-46.9 46.8c.1 25.8 21.1 46.8 46.9 46.8z"
                fill="currentColor"
              />
            </svg>
            <p
              class="mx-2"
            >
              Steam
            </p>
          </button>
          <button
            class="flex flex-row justify-start items-center hover:bg-white hover:text-slate-800 p-2 my-1 rounded-2xl border border-slate-600 md:w-300 w-200"
          >
            <svg
              aria-hidden="true"
              class="svg-inline--fa fa-microsoft "
              color="skyblue"
              data-icon="microsoft"
              data-prefix="fab"
              focusable="false"
              role="img"
              viewBox="0 0 448 512"
              xmlns="http://www.w3.org/2000/svg"
            >
              <path
                d="M0 32h214.6v214.6H0V32zm233.4 0H448v214.6H233.4V32zM0 265.4h214.6V480H0V265.4zm233.4 0H448V480H233.4V265.4z"
                fill="currentColor"
              />
            </svg>
            <p
              class="mx-2"
            >
              Microsft
            </p>
          </button>
        </ul>
      </div>
      <button>
        Leer Antes
      </button>
    </div>
  </section>
</div>
`;
